2026-09-13 23:15:48.904: [INFO] CurrentProfilePath: C:\YCSRobotics\GrizzlyPlatorm\GrizzlyPlatform\GrizzlyPlatform.Desktop\bin\Debug\net10.0-windows\GrizzlyPlatform.Desktop.exe.WebView2\EBWebView\Default
2026-09-13 23:15:48.904: [INFO] Profiles total count: 1
2026-09-13 23:15:48.904: [INFO] Profile: name=Profile 1 path=C:\YCSRobotics\GrizzlyPlatorm\GrizzlyPlatform\GrizzlyPlatform.Desktop\bin\Debug\net10.0-windows\GrizzlyPlatform.Desktop.exe.WebView2\EBWebView\Default lastActive=null
2026-09-13 23:15:48.904: [INFO] LastUsedProfileDir: C:\YCSRobotics\GrizzlyPlatorm\GrizzlyPlatform\GrizzlyPlatform.Desktop\bin\Debug\net10.0-windows\GrizzlyPlatform.Desktop.exe.WebView2\EBWebView\Default
2026-09-13 23:15:48.904: [INFO] OnDoneLoading sync enabled: 0
2026-09-13 23:15:48.904: [INFO] BookmarkModelLoaded, ids_reassigned: 0
2026-09-13 23:15:48.904: [INFO] BookmarksLoadDropped droppedNodes=0
2026-09-13 23:15:48.904: [INFO] BookmarksSnapshot Startup total=0 bar=0 other=0 mobile=0 showBar=0 showBarNTP=1
2026-09-13 23:31:36.566: [INFO] BookmarksSnapshot Shutdown total=0 bar=0 other=0 mobile=0 showBar=0 showBarNTP=1
2026-09-13 23:32:14.339: [INFO] CurrentProfilePath: C:\YCSRobotics\GrizzlyPlatorm\GrizzlyPlatform\GrizzlyPlatform.Desktop\bin\Debug\net10.0-windows\GrizzlyPlatform.Desktop.exe.WebView2\EBWebView\Default
2026-09-13 23:32:14.339: [INFO] Profiles total count: 1
2026-09-13 23:32:14.340: [INFO] Profile: name=Profile 1 path=C:\YCSRobotics\GrizzlyPlatorm\GrizzlyPlatform\GrizzlyPlatform.Desktop\bin\Debug\net10.0-windows\GrizzlyPlatform.Desktop.exe.WebView2\EBWebView\Default lastActive=2026-09-13T23:23:05.245Z
2026-09-13 23:32:14.340: [INFO] LastUsedProfileDir: C:\YCSRobotics\GrizzlyPlatorm\GrizzlyPlatform\GrizzlyPlatform.Desktop\bin\Debug\net10.0-windows\GrizzlyPlatform.Desktop.exe.WebView2\EBWebView\Default
2026-09-13 23:32:14.340: [INFO] MostRecentlyActiveProfile: name=Profile 1 path=C:\YCSRobotics\GrizzlyPlatorm\GrizzlyPlatform\GrizzlyPlatform.Desktop\bin\Debug\net10.0-windows\GrizzlyPlatform.Desktop.exe.WebView2\EBWebView\Default lastActive=2026-09-13T23:23:05.245Z
2026-09-13 23:32:14.340: [INFO] OnDoneLoading sync enabled: 0
2026-09-13 23:32:14.340: [INFO] BookmarkModelLoaded, ids_reassigned: 0
2026-09-13 23:32:14.340: [INFO] BookmarksLoadDropped droppedNodes=0
2026-09-13 23:32:14.341: [INFO] BookmarksSnapshot Startup total=0 bar=0 other=0 mobile=0 showBar=0 showBarNTP=1
2026-09-13 23:37:03.531: [INFO] BookmarksSnapshot Shutdown total=0 bar=0 other=0 mobile=0 showBar=0 showBarNTP=1
2026-09-13 23:37:33.778: [INFO] CurrentProfilePath: C:\YCSRobotics\GrizzlyPlatorm\GrizzlyPlatform\GrizzlyPlatform.Desktop\bin\Debug\net10.0-windows\GrizzlyPlatform.Desktop.exe.WebView2\EBWebView\Default
2026-09-13 23:37:33.778: [INFO] Profiles total count: 1
2026-09-13 23:37:33.778: [INFO] Profile: name=Profile 1 path=C:\YCSRobotics\GrizzlyPlatorm\GrizzlyPlatform\GrizzlyPlatform.Desktop\bin\Debug\net10.0-windows\GrizzlyPlatform.Desktop.exe.WebView2\EBWebView\Default lastActive=2026-09-13T23:37:02.327Z
2026-09-13 23:37:33.778: [INFO] LastUsedProfileDir: C:\YCSRobotics\GrizzlyPlatorm\GrizzlyPlatform\GrizzlyPlatform.Desktop\bin\Debug\net10.0-windows\GrizzlyPlatform.Desktop.exe.WebView2\EBWebView\Default
2026-09-13 23:37:33.778: [INFO] MostRecentlyActiveProfile: name=Profile 1 path=C:\YCSRobotics\GrizzlyPlatorm\GrizzlyPlatform\GrizzlyPlatform.Desktop\bin\Debug\net10.0-windows\GrizzlyPlatform.Desktop.exe.WebView2\EBWebView\Default lastActive=2026-09-13T23:37:02.327Z
2026-09-13 23:37:33.778: [INFO] OnDoneLoading sync enabled: 0
2026-09-13 23:37:33.778: [INFO] BookmarkModelLoaded, ids_reassigned: 0
2026-09-13 23:37:33.778: [INFO] BookmarksLoadDropped droppedNodes=0
2026-09-13 23:37:33.778: [INFO] BookmarksSnapshot Startup total=0 bar=0 other=0 mobile=0 showBar=0 showBarNTP=1
2026-09-13 23:43:33.342: [INFO] BookmarksSnapshot Shutdown total=0 bar=0 other=0 mobile=0 showBar=0 showBarNTP=1
2026-09-13 23:46:26.336: [INFO] CurrentProfilePath: C:\YCSRobotics\GrizzlyPlatorm\GrizzlyPlatform\GrizzlyPlatform.Desktop\bin\Debug\net10.0-windows\GrizzlyPlatform.Desktop.exe.WebView2\EBWebView\Default
2026-09-13 23:46:26.336: [INFO] Profiles total count: 1
2026-09-13 23:46:26.336: [INFO] Profile: name=Profile 1 path=C:\YCSRobotics\GrizzlyPlatorm\GrizzlyPlatform\GrizzlyPlatform.Desktop\bin\Debug\net10.0-windows\GrizzlyPlatform.Desktop.exe.WebView2\EBWebView\Default lastActive=2026-09-13T23:37:33.898Z
2026-09-13 23:46:26.336: [INFO] LastUsedProfileDir: C:\YCSRobotics\GrizzlyPlatorm\GrizzlyPlatform\GrizzlyPlatform.Desktop\bin\Debug\net10.0-windows\GrizzlyPlatform.Desktop.exe.WebView2\EBWebView\Default
2026-09-13 23:46:26.336: [INFO] MostRecentlyActiveProfile: name=Profile 1 path=C:\YCSRobotics\GrizzlyPlatorm\GrizzlyPlatform\GrizzlyPlatform.Desktop\bin\Debug\net10.0-windows\GrizzlyPlatform.Desktop.exe.WebView2\EBWebView\Default lastActive=2026-09-13T23:37:33.898Z
2026-09-13 23:46:26.336: [INFO] OnDoneLoading sync enabled: 0
2026-09-13 23:46:26.336: [INFO] BookmarkModelLoaded, ids_reassigned: 0
2026-09-13 23:46:26.336: [INFO] BookmarksLoadDropped droppedNodes=0
2026-09-13 23:46:26.336: [INFO] BookmarksSnapshot Startup total=0 bar=0 other=0 mobile=0 showBar=0 showBarNTP=1
2026-09-13 23:51:48.066: [INFO] BookmarksSnapshot Shutdown total=0 bar=0 other=0 mobile=0 showBar=0 showBarNTP=1
2026-09-13 23:52:52.038: [INFO] CurrentProfilePath: C:\YCSRobotics\GrizzlyPlatorm\GrizzlyPlatform\GrizzlyPlatform.Desktop\bin\Debug\net10.0-windows\GrizzlyPlatform.Desktop.exe.WebView2\EBWebView\Default
2026-09-13 23:52:52.038: [INFO] Profiles total count: 1
2026-09-13 23:52:52.039: [INFO] Profile: name=Profile 1 path=C:\YCSRobotics\GrizzlyPlatorm\GrizzlyPlatform\GrizzlyPlatform.Desktop\bin\Debug\net10.0-windows\GrizzlyPlatform.Desktop.exe.WebView2\EBWebView\Default lastActive=2026-09-13T23:46:57.326Z
2026-09-13 23:52:52.039: [INFO] LastUsedProfileDir: C:\YCSRobotics\GrizzlyPlatorm\GrizzlyPlatform\GrizzlyPlatform.Desktop\bin\Debug\net10.0-windows\GrizzlyPlatform.Desktop.exe.WebView2\EBWebView\Default
2026-09-13 23:52:52.039: [INFO] MostRecentlyActiveProfile: name=Profile 1 path=C:\YCSRobotics\GrizzlyPlatorm\GrizzlyPlatform\GrizzlyPlatform.Desktop\bin\Debug\net10.0-windows\GrizzlyPlatform.Desktop.exe.WebView2\EBWebView\Default lastActive=2026-09-13T23:46:57.326Z
2026-09-13 23:52:52.039: [INFO] OnDoneLoading sync enabled: 0
2026-09-13 23:52:52.039: [INFO] BookmarkModelLoaded, ids_reassigned: 0
2026-09-13 23:52:52.039: [INFO] BookmarksLoadDropped droppedNodes=0
2026-09-13 23:52:52.039: [INFO] BookmarksSnapshot Startup total=0 bar=0 other=0 mobile=0 showBar=0 showBarNTP=1
2026-09-13 23:54:11.850: [INFO] BookmarksSnapshot Shutdown total=0 bar=0 other=0 mobile=0 showBar=0 showBarNTP=1
2026-09-13 23:57:03.552: [INFO] CurrentProfilePath: C:\YCSRobotics\GrizzlyPlatorm\GrizzlyPlatform\GrizzlyPlatform.Desktop\bin\Debug\net10.0-windows\GrizzlyPlatform.Desktop.exe.WebView2\EBWebView\Default
2026-09-13 23:57:03.552: [INFO] Profiles total count: 1
2026-09-13 23:57:03.552: [INFO] Profile: name=Profile 1 path=C:\YCSRobotics\GrizzlyPlatorm\GrizzlyPlatform\GrizzlyPlatform.Desktop\bin\Debug\net10.0-windows\GrizzlyPlatform.Desktop.exe.WebView2\EBWebView\Default lastActive=2026-09-13T23:53:15.254Z
2026-09-13 23:57:03.552: [INFO] LastUsedProfileDir: C:\YCSRobotics\GrizzlyPlatorm\GrizzlyPlatform\GrizzlyPlatform.Desktop\bin\Debug\net10.0-windows\GrizzlyPlatform.Desktop.exe.WebView2\EBWebView\Default
2026-09-13 23:57:03.552: [INFO] MostRecentlyActiveProfile: name=Profile 1 path=C:\YCSRobotics\GrizzlyPlatorm\GrizzlyPlatform\GrizzlyPlatform.Desktop\bin\Debug\net10.0-windows\GrizzlyPlatform.Desktop.exe.WebView2\EBWebView\Default lastActive=2026-09-13T23:53:15.254Z
2026-09-13 23:57:03.552: [INFO] OnDoneLoading sync enabled: 0
2026-09-13 23:57:03.552: [INFO] BookmarkModelLoaded, ids_reassigned: 0
2026-09-13 23:57:03.552: [INFO] BookmarksLoadDropped droppedNodes=0
2026-09-13 23:57:03.552: [INFO] BookmarksSnapshot Startup total=0 bar=0 other=0 mobile=0 showBar=0 showBarNTP=1
2026-09-13 23:58:58.278: [INFO] BookmarksSnapshot Shutdown total=0 bar=0 other=0 mobile=0 showBar=0 showBarNTP=1
2026-09-13 23:59:37.366: [INFO] CurrentProfilePath: C:\YCSRobotics\GrizzlyPlatorm\GrizzlyPlatform\GrizzlyPlatform.Desktop\bin\Debug\net10.0-windows\GrizzlyPlatform.Desktop.exe.WebView2\EBWebView\Default
2026-09-13 23:59:37.366: [INFO] Profiles total count: 1
2026-09-13 23:59:37.366: [INFO] Profile: name=Profile 1 path=C:\YCSRobotics\GrizzlyPlatorm\GrizzlyPlatform\GrizzlyPlatform.Desktop\bin\Debug\net10.0-windows\GrizzlyPlatform.Desktop.exe.WebView2\EBWebView\Default lastActive=2026-09-13T23:58:54.370Z
2026-09-13 23:59:37.366: [INFO] LastUsedProfileDir: C:\YCSRobotics\GrizzlyPlatorm\GrizzlyPlatform\GrizzlyPlatform.Desktop\bin\Debug\net10.0-windows\GrizzlyPlatform.Desktop.exe.WebView2\EBWebView\Default
2026-09-13 23:59:37.366: [INFO] MostRecentlyActiveProfile: name=Profile 1 path=C:\YCSRobotics\GrizzlyPlatorm\GrizzlyPlatform\GrizzlyPlatform.Desktop\bin\Debug\net10.0-windows\GrizzlyPlatform.Desktop.exe.WebView2\EBWebView\Default lastActive=2026-09-13T23:58:54.370Z
2026-09-13 23:59:37.366: [INFO] OnDoneLoading sync enabled: 0
2026-09-13 23:59:37.366: [INFO] BookmarkModelLoaded, ids_reassigned: 0
2026-09-13 23:59:37.366: [INFO] BookmarksLoadDropped droppedNodes=0
2026-09-13 23:59:37.366: [INFO] BookmarksSnapshot Startup total=0 bar=0 other=0 mobile=0 showBar=0 showBarNTP=1
2026-09-14 00:02:02.476: [INFO] BookmarksSnapshot Shutdown total=0 bar=0 other=0 mobile=0 showBar=0 showBarNTP=1
2026-09-14 00:02:34.318: [INFO] CurrentProfilePath: C:\YCSRobotics\GrizzlyPlatorm\GrizzlyPlatform\GrizzlyPlatform.Desktop\bin\Debug\net10.0-windows\GrizzlyPlatform.Desktop.exe.WebView2\EBWebView\Default
2026-09-14 00:02:34.318: [INFO] Profiles total count: 1
2026-09-14 00:02:34.318: [INFO] Profile: name=Profile 1 path=C:\YCSRobotics\GrizzlyPlatorm\GrizzlyPlatform\GrizzlyPlatform.Desktop\bin\Debug\net10.0-windows\GrizzlyPlatform.Desktop.exe.WebView2\EBWebView\Default lastActive=2026-09-14T00:00:02.269Z
2026-09-14 00:02:34.318: [INFO] LastUsedProfileDir: C:\YCSRobotics\GrizzlyPlatorm\GrizzlyPlatform\GrizzlyPlatform.Desktop\bin\Debug\net10.0-windows\GrizzlyPlatform.Desktop.exe.WebView2\EBWebView\Default
2026-09-14 00:02:34.318: [INFO] MostRecentlyActiveProfile: name=Profile 1 path=C:\YCSRobotics\GrizzlyPlatorm\GrizzlyPlatform\GrizzlyPlatform.Desktop\bin\Debug\net10.0-windows\GrizzlyPlatform.Desktop.exe.WebView2\EBWebView\Default lastActive=2026-09-14T00:00:02.269Z
2026-09-14 00:02:34.318: [INFO] OnDoneLoading sync enabled: 0
2026-09-14 00:02:34.318: [INFO] BookmarkModelLoaded, ids_reassigned: 0
2026-09-14 00:02:34.318: [INFO] BookmarksLoadDropped droppedNodes=0
2026-09-14 00:02:34.318: [INFO] BookmarksSnapshot Startup total=0 bar=0 other=0 mobile=0 showBar=0 showBarNTP=1
2026-09-14 00:05:25.909: [INFO] BookmarksSnapshot Shutdown total=0 bar=0 other=0 mobile=0 showBar=0 showBarNTP=1
2026-09-14 00:06:07.939: [INFO] CurrentProfilePath: C:\YCSRobotics\GrizzlyPlatorm\GrizzlyPlatform\GrizzlyPlatform.Desktop\bin\Debug\net10.0-windows\GrizzlyPlatform.Desktop.exe.WebView2\EBWebView\Default
2026-09-14 00:06:07.939: [INFO] Profiles total count: 1
2026-09-14 00:06:07.939: [INFO] Profile: name=Profile 1 path=C:\YCSRobotics\GrizzlyPlatorm\GrizzlyPlatform\GrizzlyPlatform.Desktop\bin\Debug\net10.0-windows\GrizzlyPlatform.Desktop.exe.WebView2\EBWebView\Default lastActive=2026-09-14T00:03:12.139Z
2026-09-14 00:06:07.939: [INFO] LastUsedProfileDir: C:\YCSRobotics\GrizzlyPlatorm\GrizzlyPlatform\GrizzlyPlatform.Desktop\bin\Debug\net10.0-windows\GrizzlyPlatform.Desktop.exe.WebView2\EBWebView\Default
2026-09-14 00:06:07.939: [INFO] MostRecentlyActiveProfile: name=Profile 1 path=C:\YCSRobotics\GrizzlyPlatorm\GrizzlyPlatform\GrizzlyPlatform.Desktop\bin\Debug\net10.0-windows\GrizzlyPlatform.Desktop.exe.WebView2\EBWebView\Default lastActive=2026-09-14T00:03:12.139Z
2026-09-14 00:06:07.939: [INFO] OnDoneLoading sync enabled: 0
2026-09-14 00:06:07.939: [INFO] BookmarkModelLoaded, ids_reassigned: 0
2026-09-14 00:06:07.939: [INFO] BookmarksLoadDropped droppedNodes=0
2026-09-14 00:06:07.939: [INFO] BookmarksSnapshot Startup total=0 bar=0 other=0 mobile=0 showBar=0 showBarNTP=1
2026-09-14 00:08:00.751: [INFO] BookmarksSnapshot Shutdown total=0 bar=0 other=0 mobile=0 showBar=0 showBarNTP=1
2026-09-14 00:08:33.084: [INFO] CurrentProfilePath: C:\YCSRobotics\GrizzlyPlatorm\GrizzlyPlatform\GrizzlyPlatform.Desktop\bin\Debug\net10.0-windows\GrizzlyPlatform.Desktop.exe.WebView2\EBWebView\Default
2026-09-14 00:08:33.084: [INFO] Profiles total count: 1
2026-09-14 00:08:33.084: [INFO] Profile: name=Profile 1 path=C:\YCSRobotics\GrizzlyPlatorm\GrizzlyPlatform\GrizzlyPlatform.Desktop\bin\Debug\net10.0-windows\GrizzlyPlatform.Desktop.exe.WebView2\EBWebView\Default lastActive=2026-09-14T00:06:36.894Z
2026-09-14 00:08:33.084: [INFO] LastUsedProfileDir: C:\YCSRobotics\GrizzlyPlatorm\GrizzlyPlatform\GrizzlyPlatform.Desktop\bin\Debug\net10.0-windows\GrizzlyPlatform.Desktop.exe.WebView2\EBWebView\Default
2026-09-14 00:08:33.084: [INFO] MostRecentlyActiveProfile: name=Profile 1 path=C:\YCSRobotics\GrizzlyPlatorm\GrizzlyPlatform\GrizzlyPlatform.Desktop\bin\Debug\net10.0-windows\GrizzlyPlatform.Desktop.exe.WebView2\EBWebView\Default lastActive=2026-09-14T00:06:36.894Z
2026-09-14 00:08:33.084: [INFO] OnDoneLoading sync enabled: 0
2026-09-14 00:08:33.084: [INFO] BookmarkModelLoaded, ids_reassigned: 0
2026-09-14 00:08:33.084: [INFO] BookmarksLoadDropped droppedNodes=0
2026-09-14 00:08:33.084: [INFO] BookmarksSnapshot Startup total=0 bar=0 other=0 mobile=0 showBar=0 showBarNTP=1
2026-09-14 00:10:05.768: [INFO] BookmarksSnapshot Shutdown total=0 bar=0 other=0 mobile=0 showBar=0 showBarNTP=1
2026-09-14 00:10:20.312: [INFO] CurrentProfilePath: C:\YCSRobotics\GrizzlyPlatorm\GrizzlyPlatform\GrizzlyPlatform.Desktop\bin\Debug\net10.0-windows\GrizzlyPlatform.Desktop.exe.WebView2\EBWebView\Default
2026-09-14 00:10:20.312: [INFO] Profiles total count: 1
2026-09-14 00:10:20.312: [INFO] Profile: name=Profile 1 path=C:\YCSRobotics\GrizzlyPlatorm\GrizzlyPlatform\GrizzlyPlatform.Desktop\bin\Debug\net10.0-windows\GrizzlyPlatform.Desktop.exe.WebView2\EBWebView\Default lastActive=2026-09-14T00:08:33.199Z
2026-09-14 00:10:20.312: [INFO] LastUsedProfileDir: C:\YCSRobotics\GrizzlyPlatorm\GrizzlyPlatform\GrizzlyPlatform.Desktop\bin\Debug\net10.0-windows\GrizzlyPlatform.Desktop.exe.WebView2\EBWebView\Default
2026-09-14 00:10:20.312: [INFO] MostRecentlyActiveProfile: name=Profile 1 path=C:\YCSRobotics\GrizzlyPlatorm\GrizzlyPlatform\GrizzlyPlatform.Desktop\bin\Debug\net10.0-windows\GrizzlyPlatform.Desktop.exe.WebView2\EBWebView\Default lastActive=2026-09-14T00:08:33.199Z
2026-09-14 00:10:20.312: [INFO] OnDoneLoading sync enabled: 0
2026-09-14 00:10:20.312: [INFO] BookmarkModelLoaded, ids_reassigned: 0
2026-09-14 00:10:20.312: [INFO] BookmarksLoadDropped droppedNodes=0
2026-09-14 00:10:20.312: [INFO] BookmarksSnapshot Startup total=0 bar=0 other=0 mobile=0 showBar=0 showBarNTP=1
2026-09-14 00:12:01.045: [INFO] BookmarksSnapshot Shutdown total=0 bar=0 other=0 mobile=0 showBar=0 showBarNTP=1
2026-09-14 00:13:53.807: [INFO] CurrentProfilePath: C:\YCSRobotics\GrizzlyPlatorm\GrizzlyPlatform\GrizzlyPlatform.Desktop\bin\Debug\net10.0-windows\GrizzlyPlatform.Desktop.exe.WebView2\EBWebView\Default
2026-09-14 00:13:53.807: [INFO] Profiles total count: 1
2026-09-14 00:13:53.807: [INFO] Profile: name=Profile 1 path=C:\YCSRobotics\GrizzlyPlatorm\GrizzlyPlatform\GrizzlyPlatform.Desktop\bin\Debug\net10.0-windows\GrizzlyPlatform.Desktop.exe.WebView2\EBWebView\Default lastActive=2026-09-14T00:10:52.181Z
2026-09-14 00:13:53.807: [INFO] LastUsedProfileDir: C:\YCSRobotics\GrizzlyPlatorm\GrizzlyPlatform\GrizzlyPlatform.Desktop\bin\Debug\net10.0-windows\GrizzlyPlatform.Desktop.exe.WebView2\EBWebView\Default
2026-09-14 00:13:53.807: [INFO] MostRecentlyActiveProfile: name=Profile 1 path=C:\YCSRobotics\GrizzlyPlatorm\GrizzlyPlatform\GrizzlyPlatform.Desktop\bin\Debug\net10.0-windows\GrizzlyPlatform.Desktop.exe.WebView2\EBWebView\Default lastActive=2026-09-14T00:10:52.181Z
2026-09-14 00:13:53.807: [INFO] OnDoneLoading sync enabled: 0
2026-09-14 00:13:53.807: [INFO] BookmarkModelLoaded, ids_reassigned: 0
2026-09-14 00:13:53.807: [INFO] BookmarksLoadDropped droppedNodes=0
2026-09-14 00:13:53.807: [INFO] BookmarksSnapshot Startup total=0 bar=0 other=0 mobile=0 showBar=0 showBarNTP=1
2026-09-14 00:19:39.127: [INFO] BookmarksSnapshot Shutdown total=0 bar=0 other=0 mobile=0 showBar=0 showBarNTP=1
